// Jest Snapshot v1, https://goo.gl/fbAQLP

exports[`Header renders buttons 1`] = `
<div>
  <div>
    <button
      class="mr-4"
    >
      Home
    </button>
    <button
      class="mr-4"
    >
      About
    </button>
  </div>
</div>
`;
